
> vintage-solo@0.1.0 build
> react-scripts build

node.exe : 
(node:15980) 
[DEP0176] 
DeprecationWarning: 
fs.F_OK is 
deprecated, use 
fs.constants.F_OK 
instead
At line:1 char:1
+ & "C:\Program Files
\nodejs/node.exe" 
"C:\Program 
Files\nodejs/node_mo 
...
+ ~~~~~~~~~~~~~~~~~~~
~~~~~~~~~~~~~~~~~~~~~
~~~~~~~~~~~~~~~~~~~~~
~~~~~~~~
    + CategoryInfo   
           : NotSpe  
  cified: ((node:1   
 5980) [D...ts.F_    
OK instead:Strin    
g) [], RemoteExc    
eption
    + FullyQualified 
   ErrorId : Native  
  CommandError
 
(Use `node 
--trace-deprecation 
...` to show where 
the warning was 
created)
Creating an optimized production build...

Treating warnings as errors because process.env.CI = true.
Most CI servers set it automatically.

Failed to compile.

[eslint] 
src\App.tsx
  Line 216:6:  React Hook useEffect has a missing dependency: 'showToast'. Either include it or remove the dependency array  react-hooks/exhaustive-deps
  Line 253:6:  React Hook useEffect has a missing dependency: 'showToast'. Either include it or remove the dependency array  react-hooks/exhaustive-deps
  Line 431:6:  React Hook useEffect has a missing dependency: 'showToast'. Either include it or remove the dependency array  react-hooks/exhaustive-deps

src\components\CameraCapture.tsx
  Line 2:8:   'axios' is defined but never used             @typescript-eslint/no-unused-vars
  Line 12:7:  'API_URL' is assigned a value but never used  @typescript-eslint/no-unused-vars


